2026-07-24 16:06:32,197 INFO Inserted snapshot id=2 ok=1
2026-07-24 16:06:32,736 INFO Sent ntfy notification: IEC UK Working Holiday — daily
2026-07-25 16:06:17,621 INFO Inserted snapshot id=3 ok=1
2026-07-25 16:06:17,974 INFO Sent ntfy notification: IEC UK WH — change detected
2026-07-25 16:06:18,339 INFO Sent ntfy notification: IEC UK Working Holiday — daily
2026-07-26 16:05:35,286 INFO Inserted snapshot id=4 ok=1
2026-07-26 16:05:35,639 INFO Sent ntfy notification: IEC UK Working Holiday — daily
2026-07-27 16:18:08,185 INFO Inserted snapshot id=5 ok=1
2026-07-27 16:18:08,560 INFO Sent ntfy notification: IEC UK Working Holiday — daily
2026-07-28 16:16:54,040 INFO Inserted snapshot id=6 ok=1
2026-07-28 16:16:54,384 INFO Sent ntfy notification: IEC UK WH — change detected
2026-07-28 16:16:54,728 INFO Sent ntfy notification: IEC UK Working Holiday — daily
2026-07-29 16:05:01,926 INFO Inserted snapshot id=7 ok=1
2026-07-29 16:05:02,710 INFO Sent ntfy notification: IEC UK Working Holiday — daily
2026-07-30 16:18:34,549 INFO Inserted snapshot id=8 ok=1
2026-07-30 16:18:49,913 INFO Sent ntfy notification: IEC UK WH — change detected
2026-07-30 16:19:05,285 INFO Sent ntfy notification: IEC UK Working Holiday — daily
2026-07-31 16:21:15,199 INFO Inserted snapshot id=9 ok=1
2026-07-31 16:21:30,584 INFO Sent ntfy notification: IEC UK Working Holiday — daily
2026-08-01 16:15:37,809 INFO Inserted snapshot id=10 ok=1
2026-08-01 16:15:53,553 INFO Sent ntfy notification: IEC UK WH — change detected
2026-08-01 16:16:08,925 INFO Sent ntfy notification: IEC UK Working Holiday — daily
2026-08-02 16:08:40,764 INFO Inserted snapshot id=11 ok=1
2026-08-02 16:08:56,137 INFO Sent ntfy notification: IEC UK Working Holiday — daily
2026-08-03 16:17:55,271 INFO Inserted snapshot id=12 ok=1
2026-08-03 16:18:10,641 INFO Sent ntfy notification: IEC UK Working Holiday — daily
2026-08-04 16:18:09,611 INFO Inserted snapshot id=13 ok=1
2026-08-04 16:18:24,978 INFO Sent ntfy notification: IEC UK Working Holiday — daily
2026-08-05 16:18:48,208 INFO Inserted snapshot id=14 ok=1
2026-08-05 16:19:03,579 INFO Sent ntfy notification: IEC UK Working Holiday — daily
2026-08-06 16:18:51,249 INFO Inserted snapshot id=15 ok=1
2026-08-06 16:19:06,633 INFO Sent ntfy notification: IEC UK Working Holiday — daily
2026-08-07 16:15:15,254 INFO Inserted snapshot id=16 ok=1
2026-08-07 16:15:30,971 INFO Sent ntfy notification: IEC UK Working Holiday — daily
2026-08-08 16:08:28,281 INFO Inserted snapshot id=17 ok=1
2026-08-08 16:08:43,648 INFO Sent ntfy notification: IEC UK WH — change detected
2026-08-08 16:08:59,020 INFO Sent ntfy notification: IEC UK Working Holiday — daily
2026-08-09 16:05:06,435 INFO Inserted snapshot id=19 ok=1
2026-08-09 16:05:21,828 INFO Sent ntfy notification: Canada — daily
2026-08-10 16:17:58,329 INFO Inserted snapshot id=20 ok=1
2026-08-10 16:17:58,692 INFO Sent ntfy notification: Canada — daily
2026-08-11 16:19:37,410 INFO Inserted snapshot id=21 ok=1
2026-08-11 16:19:37,762 INFO Sent ntfy notification: Canada — daily
2026-08-13 16:19:26,738 INFO Inserted snapshot id=22 ok=1
2026-08-13 16:19:27,083 INFO Sent ntfy notification: Canada — daily
2026-08-14 16:12:31,839 INFO Inserted snapshot id=23 ok=1
2026-08-14 16:12:32,201 INFO Sent ntfy notification: Canada — daily
2026-08-15 16:16:57,835 INFO Inserted snapshot id=24 ok=1
2026-08-15 16:17:13,199 INFO Sent ntfy notification: Canada — change detected
2026-08-15 16:17:28,562 INFO Sent ntfy notification: Canada — daily
2026-08-16 16:05:26,127 INFO Inserted snapshot id=25 ok=1
2026-08-16 16:05:26,478 INFO Sent ntfy notification: Canada — daily
2026-08-17 16:09:27,812 INFO Inserted snapshot id=26 ok=1
2026-08-17 16:09:43,196 INFO Sent ntfy notification: Canada — daily
2026-08-18 16:17:30,581 INFO Inserted snapshot id=27 ok=1
2026-08-18 16:17:45,954 INFO Sent ntfy notification: Canada — daily
2026-08-19 16:12:42,202 INFO Inserted snapshot id=28 ok=1
2026-08-19 16:12:42,555 INFO Sent ntfy notification: Canada — daily
2026-08-20 16:16:31,720 INFO Inserted snapshot id=29 ok=1
2026-08-20 16:16:32,071 INFO Sent ntfy notification: Canada — daily
2026-08-21 16:12:45,475 INFO Inserted snapshot id=30 ok=1
2026-08-21 16:12:45,845 INFO Sent ntfy notification: Canada — daily
2026-08-22 16:19:23,126 INFO Inserted snapshot id=31 ok=1
2026-08-22 16:19:23,482 INFO Sent ntfy notification: Canada — change detected
2026-08-22 16:19:23,837 INFO Sent ntfy notification: Canada — daily
2026-08-22 18:36:47,294 INFO Inserted snapshot id=33 ok=1
2026-08-22 18:36:47,294 INFO No new IRCC data (as of August 21, 2026) — notification suppressed, snapshot still stored
